<?xml version="1.0" encoding="utf-8"?><testsuites><testsuite errors="0" failures="0" hostname="W7N21648" name="pytest" skipped="0" tests="5" time="0.182" timestamp="2021-04-15T12:41:50.079432"><testcase classname="sources.test_calc.TestCalc" name="test_add_floats" time="0.005" /><testcase classname="sources.test_calc.TestCalc" name="test_add_integers" time="0.002" /><testcase classname="sources.test_calc.TestCalc" name="test_add_string_and_integer" time="0.002" /><testcase classname="sources.test_calc.TestCalc" name="test_add_string_and_number" time="0.003" /><testcase classname="sources.test_calc.TestCalc" name="test_add_strings" time="0.002" /></testsuite></testsuites>